main.c:167:5:__io_putchar	24	static
main.c:176:6:HAL_TIM_PeriodElapsedCallback	64	static
main.c:501:5:main	72	static
main.c:1793:6:SystemClock_Config	88	static
main.c:1837:13:MX_ADC1_Init	24	static
main.c:1887:13:MX_SPI3_Init	8	static
main.c:1925:13:MX_TIM3_Init	64	static
main.c:1984:13:MX_TIM4_Init	64	static
main.c:2043:13:MX_TIM5_Init	56	static
main.c:2092:13:MX_TIM6_Init	16	static
main.c:2130:13:MX_TIM8_Init	56	static
main.c:2180:13:MX_TIM11_Init	40	static
main.c:2226:13:MX_TIM12_Init	56	static
main.c:2278:13:MX_USART1_UART_Init	8	static
main.c:2311:13:MX_GPIO_Init	48	static
main.c:2396:6:buzzer	48	static
main.c:2421:5:get_adc_value	32	static
main.c:2448:6:gyro_init	16	static
main.c:2474:9:read_byte	24	static
main.c:2484:6:write_byte	24	static
main.c:2493:7:gyro_read_z	24	static
main.c:2512:6:drive_dir	16	static
main.c:2555:6:full_led_write	16	static
main.c:2605:6:led_write	16	static
main.c:2623:6:drive_ready	8	static
main.c:2642:6:Error_Handler	4	static
